V3 20
FL /proj/users/hmnguyen/qmfir_digital_filter_cores/qmfir_eth/qmfir_udp/EDK_project/hdl/system.vhd 2011/04/20.11:12:27 L.33
EN work/system 1303323533 \
      FL /proj/users/hmnguyen/qmfir_digital_filter_cores/qmfir_eth/qmfir_udp/EDK_project/hdl/system.vhd \
      PB ieee/std_logic_1164 1266057277 LB UNISIM PH unisim/VCOMPONENTS 1266057277
AR work/system/STRUCTURE 1303323534 \
      FL /proj/users/hmnguyen/qmfir_digital_filter_cores/qmfir_eth/qmfir_udp/EDK_project/hdl/system.vhd \
      EN work/system 1303323533 CP xps_timer_0_wrapper CP xps_sysmon_adc_0_wrapper \
      CP xps_intc_0_wrapper CP xps_bram_if_cntlr_0_bram_wrapper \
      CP xps_bram_if_cntlr_0_wrapper CP proc_sys_reset_0_wrapper \
      CP ppc440_0_wrapper CP plb_v46_0_wrapper CP jtagppc_cntlr_inst_wrapper \
      CP clock_generator_0_wrapper CP rs232_0_wrapper \
      CP hard_ethernet_mac_fifo_wrapper CP hard_ethernet_mac_wrapper \
      CP ddr_sdram_0_wrapper CP qmfir_0_wrapper CP IOBUF
