/proj/users/hmnguyen/qmfir/qmfir_eth/qmfir_udp/EDK_project/implementation/system.ngc 1303323750
/proj/users/hmnguyen/qmfir/qmfir_eth/qmfir_udp/EDK_project/implementation/xps_timer_0_wrapper.ngc 1303323144
/proj/users/hmnguyen/qmfir/qmfir_eth/qmfir_udp/EDK_project/implementation/xps_sysmon_adc_0_wrapper.ngc 1303323144
/proj/users/hmnguyen/qmfir/qmfir_eth/qmfir_udp/EDK_project/implementation/xps_intc_0_wrapper.ngc 1303323144
/proj/users/hmnguyen/qmfir/qmfir_eth/qmfir_udp/EDK_project/implementation/xps_bram_if_cntlr_0_bram_wrapper.ngc 1303323145
/proj/users/hmnguyen/qmfir/qmfir_eth/qmfir_udp/EDK_project/implementation/xps_bram_if_cntlr_0_wrapper.ngc 1303323145
/proj/users/hmnguyen/qmfir/qmfir_eth/qmfir_udp/EDK_project/implementation/proc_sys_reset_0_wrapper.ngc 1303323146
/proj/users/hmnguyen/qmfir/qmfir_eth/qmfir_udp/EDK_project/implementation/ppc440_0_wrapper.ngc 1303323146
/proj/users/hmnguyen/qmfir/qmfir_eth/qmfir_udp/EDK_project/implementation/plb_v46_0_wrapper.ngc 1303323147
/proj/users/hmnguyen/qmfir/qmfir_eth/qmfir_udp/EDK_project/implementation/jtagppc_cntlr_inst_wrapper.ngc 1303323147
/proj/users/hmnguyen/qmfir/qmfir_eth/qmfir_udp/EDK_project/implementation/clock_generator_0_wrapper.ngc 1303323147
/proj/users/hmnguyen/qmfir/qmfir_eth/qmfir_udp/EDK_project/implementation/rs232_0_wrapper.ngc 1303323148
/proj/users/hmnguyen/qmfir/qmfir_eth/qmfir_udp/EDK_project/implementation/hard_ethernet_mac_fifo_wrapper.ngc 1303323148
/proj/users/hmnguyen/qmfir/qmfir_eth/qmfir_udp/EDK_project/implementation/hard_ethernet_mac_wrapper.ngc 1303323149
/proj/users/hmnguyen/qmfir/qmfir_eth/qmfir_udp/EDK_project/implementation/ddr_sdram_0_wrapper.ngc 1303323150
/proj/users/hmnguyen/qmfir/qmfir_eth/qmfir_udp/EDK_project/implementation/qmfir_0_wrapper.ngc 1303323509
OK
